\BOOKMARK [0][-]{titulo.0}{\376\377\000P\000\341\000g\000i\000n\000a\000\040\000d\000e\000\040\000T\000\355\000t\000u\000l\000o}{}% 1
\BOOKMARK [0][-]{indices.0}{\376\377\000\315\000n\000d\000i\000c\000e\000s}{}% 2
\BOOKMARK [1][-]{tabla de contenidos.1}{\376\377\000T\000a\000b\000l\000a\000\040\000d\000e\000\040\000C\000o\000n\000t\000e\000n\000i\000d\000o\000s}{indices.0}% 3
\BOOKMARK [1][-]{indice de figuras.1}{\376\377\000\315\000n\000d\000i\000c\000e\000\040\000d\000e\000\040\000f\000i\000g\000u\000r\000a\000s}{indices.0}% 4
\BOOKMARK [1][-]{indice de tablas.1}{\376\377\000\315\000n\000d\000i\000c\000e\000\040\000d\000e\000\040\000t\000a\000b\000l\000a\000s}{indices.0}% 5
\BOOKMARK [0][-]{chapter.6}{\376\377\000I\000n\000t\000r\000o\000d\000u\000c\000c\000i\000\363\000n}{}% 6
\BOOKMARK [1][-]{section.7}{\376\377\000M\000o\000t\000i\000v\000a\000c\000i\000\363\000n}{chapter.6}% 7
\BOOKMARK [1][-]{section.8}{\376\377\000O\000b\000j\000e\000t\000i\000v\000o\000s}{chapter.6}% 8
\BOOKMARK [1][-]{section.9}{\376\377\000P\000l\000a\000n\000\040\000d\000e\000\040\000t\000r\000a\000b\000a\000j\000o}{chapter.6}% 9
\BOOKMARK [1][-]{section.11}{\376\377\000O\000r\000g\000a\000n\000i\000z\000a\000c\000i\000\363\000n\000\040\000d\000e\000\040\000l\000a\000\040\000M\000e\000m\000o\000r\000i\000a}{chapter.6}% 10
\BOOKMARK [0][-]{chapter.12}{\376\377\000T\000e\000c\000n\000o\000l\000o\000g\000\355\000a\000s\000\040\000U\000t\000i\000l\000i\000z\000a\000d\000a\000s}{}% 11
\BOOKMARK [1][-]{section.13}{\376\377\000D\000e\000t\000e\000c\000c\000i\000\363\000n\000\040\000d\000e\000\040\000o\000b\000j\000e\000t\000o\000s\000\040\000c\000o\000n\000\040\000Y\000O\000L\000O}{chapter.12}% 12
\BOOKMARK [2][-]{subsection.14}{\376\377\000M\000o\000d\000e\000l\000o\000\040\000d\000e\000\040\000d\000e\000t\000e\000c\000c\000i\000\363\000n\000\040\000Y\000O\000L\000O}{section.13}% 13
\BOOKMARK [2][-]{subsection.17}{\376\377\000P\000o\000s\000t\000-\000p\000r\000o\000c\000e\000s\000a\000d\000o\000\040\000m\000e\000d\000i\000a\000n\000t\000e\000\040\000N\000o\000n\000-\000M\000a\000x\000i\000m\000u\000m\000\040\000S\000u\000p\000p\000r\000e\000s\000s\000i\000o\000n}{section.13}% 14
\BOOKMARK [2][-]{subsection.19}{\376\377\000M\000\351\000t\000r\000i\000c\000a\000s\000\040\000d\000e\000\040\000e\000v\000a\000l\000u\000a\000c\000i\000\363\000n\000\040\000e\000n\000\040\000d\000e\000t\000e\000c\000c\000i\000\363\000n\000\040\000d\000e\000\040\000o\000b\000j\000e\000t\000o\000s}{section.13}% 15
\BOOKMARK [2][-]{subsection.20}{\376\377\000P\000a\000p\000e\000l\000\040\000d\000e\000\040\000Y\000O\000L\000O\000\040\000d\000e\000n\000t\000r\000o\000\040\000d\000e\000l\000\040\000p\000i\000p\000e\000l\000i\000n\000e}{section.13}% 16
\BOOKMARK [1][-]{section.21}{\376\377\000C\000a\000l\000i\000b\000r\000a\000c\000i\000\363\000n\000\040\000g\000e\000o\000m\000\351\000t\000r\000i\000c\000a\000\040\000m\000e\000d\000i\000a\000n\000t\000e\000\040\000h\000o\000m\000o\000g\000a\000r\000f\000\355\000a}{chapter.12}% 17
\BOOKMARK [2][-]{subsection.22}{\376\377\000H\000o\000m\000o\000g\000r\000a\000f\000\355\000a\000\040\000e\000n\000t\000r\000e\000\040\000p\000l\000a\000n\000o\000s}{section.21}% 18
\BOOKMARK [2][-]{subsection.25}{\376\377\000E\000s\000t\000i\000m\000a\000c\000i\000\363\000n\000\040\000d\000e\000\040\000h\000o\000m\000o\000g\000r\000a\000f\000\355\000a\000\040\000m\000e\000d\000i\000a\000n\000t\000e\000\040\000P\000n\000L\000C\000a\000l\000i\000b}{section.21}% 19
\BOOKMARK [2][-]{subsection.28}{\376\377\000P\000a\000p\000e\000l\000\040\000d\000e\000\040\000l\000a\000\040\000h\000o\000m\000o\000g\000r\000a\000f\000\355\000a\000\040\000d\000e\000n\000t\000r\000o\000\040\000d\000e\000l\000\040\000p\000i\000p\000e\000l\000i\000n\000e}{section.21}% 20
\BOOKMARK [1][-]{section.29}{\376\377\000T\000r\000a\000c\000k\000i\000n\000g\000\040\000m\000u\000l\000t\000i\000o\000b\000j\000e\000t\000o}{chapter.12}% 21
\BOOKMARK [2][-]{subsection.30}{\376\377\000B\000y\000t\000e\000T\000r\000a\000c\000k}{section.29}% 22
\BOOKMARK [2][-]{subsection.32}{\376\377\000P\000a\000p\000e\000l\000\040\000d\000e\000l\000\040\000t\000r\000a\000c\000k\000i\000n\000g\000\040\000d\000e\000n\000t\000r\000o\000\040\000d\000e\000l\000\040\000p\000i\000p\000e\000l\000i\000n\000e}{section.29}% 23
\BOOKMARK [1][-]{section.33}{\376\377\000M\000o\000d\000e\000l\000a\000d\000o\000\040\000d\000e\000\040\000c\000o\000n\000j\000u\000n\000t\000o\000s\000\040\000c\000o\000n\000\040\000S\000e\000t\000\040\000T\000r\000a\000n\000s\000f\000o\000r\000m\000e\000r}{chapter.12}% 24
\BOOKMARK [2][-]{subsection.34}{\376\377\000R\000e\000p\000r\000e\000s\000e\000n\000t\000a\000c\000i\000\363\000n\000\040\000d\000e\000\040\000d\000a\000t\000o\000s\000\040\000c\000o\000m\000o\000\040\000c\000o\000n\000j\000u\000n\000t\000o\000s}{section.33}% 25
\BOOKMARK [2][-]{subsection.35}{\376\377\000A\000t\000e\000n\000c\000i\000\363\000n\000\040\000m\000u\000l\000t\000i\000-\000c\000a\000b\000e\000z\000a\000\040\000e\000n\000\040\000c\000o\000n\000j\000u\000n\000t\000o\000s}{section.33}% 26
\BOOKMARK [2][-]{subsection.36}{\376\377\000B\000l\000o\000q\000u\000e\000s\000\040\000p\000r\000i\000n\000c\000i\000p\000a\000l\000e\000s\000\040\000d\000e\000\040\000S\000e\000t\000\040\000T\000r\000a\000n\000s\000f\000o\000r\000m\000e\000r}{section.33}% 27
\BOOKMARK [2][-]{subsection.37}{\376\377\000P\000a\000p\000e\000l\000\040\000d\000e\000\040\000S\000e\000t\000\040\000T\000r\000a\000n\000s\000f\000o\000r\000m\000e\000r\000\040\000d\000e\000n\000t\000r\000o\000\040\000d\000e\000l\000\040\000p\000i\000p\000e\000l\000i\000n\000e}{section.33}% 28
\BOOKMARK [1][-]{section.38}{\376\377\000D\000e\000t\000e\000c\000c\000i\000\363\000n\000\040\000d\000e\000\040\000e\000v\000e\000n\000t\000o\000s\000:\000\040\000P\000a\000t\000h\000C\000R\000F}{chapter.12}% 29
\BOOKMARK [2][-]{subsection.39}{\376\377\000E\000n\000t\000r\000a\000d\000a\000\040\000y\000\040\000s\000a\000l\000i\000d\000a\000\040\000d\000e\000l\000\040\000m\000o\000d\000e\000l\000o}{section.38}% 30
\BOOKMARK [2][-]{subsection.40}{\376\377\000R\000e\000p\000r\000e\000s\000e\000n\000t\000a\000c\000i\000\363\000n\000\040\000d\000e\000\040\000t\000r\000a\000y\000e\000c\000t\000o\000r\000i\000a\000s\000\040\000c\000o\000m\000o\000\040\000g\000r\000a\000f\000o}{section.38}% 31
\BOOKMARK [2][-]{subsection.41}{\376\377\000B\000a\000c\000k\000b\000o\000n\000e\000\040\000d\000e\000\040\000a\000t\000e\000n\000c\000i\000\363\000n\000\040\000y\000\040\000r\000e\000p\000r\000e\000s\000e\000n\000t\000a\000c\000i\000\363\000n\000\040\000d\000e\000\040\000n\000o\000d\000o\000s\000\040\000y\000\040\000a\000r\000i\000s\000t\000a\000s}{section.38}% 32
\BOOKMARK [2][-]{subsection.42}{\376\377\000C\000R\000F\000\040\000d\000i\000n\000\341\000m\000i\000c\000o\000\040\000y\000\040\000d\000e\000c\000o\000d\000i\000f\000i\000c\000a\000c\000i\000\363\000n\000\040\000d\000e\000\040\000e\000v\000e\000n\000t\000o\000s}{section.38}% 33
\BOOKMARK [2][-]{subsection.43}{\376\377\000P\000a\000p\000e\000l\000\040\000d\000e\000\040\000P\000a\000t\000h\000C\000R\000F\000\040\000d\000e\000n\000t\000r\000o\000\040\000d\000e\000l\000\040\000p\000i\000p\000e\000l\000i\000n\000e}{section.38}% 34
\BOOKMARK [1][-]{section.44}{\376\377\000G\000e\000n\000e\000r\000a\000c\000i\000\363\000n\000\040\000d\000e\000\040\000l\000e\000n\000g\000u\000a\000j\000e\000\040\000c\000o\000n\000\040\000m\000o\000d\000e\000l\000o\000s\000\040\000l\000o\000c\000a\000l\000e\000s}{chapter.12}% 35
\BOOKMARK [2][-]{subsection.45}{\376\377\000M\000o\000d\000e\000l\000o\000s\000\040\000d\000e\000\040\000l\000e\000n\000g\000u\000a\000j\000e\000\040\000l\000o\000c\000a\000l\000e\000s\000\040\000y\000\040\000c\000u\000a\000n\000t\000i\000z\000a\000c\000i\000\363\000n}{section.44}% 36
\BOOKMARK [2][-]{subsection.46}{\376\377\000E\000j\000e\000c\000u\000c\000i\000\363\000n\000\040\000m\000e\000d\000i\000a\000n\000t\000e\000\040\000h\000e\000r\000r\000a\000m\000i\000e\000n\000t\000a\000s\000\040\000l\000o\000c\000a\000l\000e\000s}{section.44}% 37
\BOOKMARK [2][-]{subsection.47}{\376\377\000P\000a\000p\000e\000l\000\040\000d\000e\000l\000\040\000m\000o\000d\000e\000l\000o\000\040\000d\000e\000\040\000l\000e\000n\000g\000u\000a\000j\000e\000\040\000d\000e\000n\000t\000r\000o\000\040\000d\000e\000l\000\040\000p\000i\000p\000e\000l\000i\000n\000e}{section.44}% 38
\BOOKMARK [1][-]{section.48}{\376\377\000S\000\355\000n\000t\000e\000s\000i\000s\000\040\000d\000e\000\040\000v\000o\000z\000\040\000n\000e\000u\000r\000o\000n\000a\000l}{chapter.12}% 39
\BOOKMARK [2][-]{subsection.49}{\376\377\000E\000v\000o\000l\000u\000c\000i\000\363\000n\000\040\000d\000e\000\040\000l\000o\000s\000\040\000m\000o\000d\000e\000l\000o\000s\000\040\000n\000e\000u\000r\000o\000n\000a\000l\000e\000s\000\040\000d\000e\000\040\000v\000o\000z}{section.48}% 40
\BOOKMARK [2][-]{subsection.50}{\376\377\000S\000\355\000n\000t\000e\000s\000i\000s\000\040\000m\000u\000l\000t\000i\000l\000i\000n\000g\000\374\000e\000\040\000c\000o\000n\000\040\000X\000T\000T\000S}{section.48}% 41
\BOOKMARK [2][-]{subsection.52}{\376\377\000P\000a\000p\000e\000l\000\040\000d\000e\000\040\000l\000a\000\040\000s\000\355\000n\000t\000e\000s\000i\000s\000\040\000d\000e\000\040\000v\000o\000z\000\040\000d\000e\000n\000t\000r\000o\000\040\000d\000e\000l\000\040\000p\000i\000p\000e\000l\000i\000n\000e}{section.48}% 42
\BOOKMARK [0][-]{chapter.53}{\376\377\000T\000r\000a\000b\000a\000j\000o\000\040\000R\000e\000l\000a\000c\000i\000o\000n\000a\000d\000o}{}% 43
\BOOKMARK [1][-]{section.54}{\376\377\000D\000e\000t\000e\000c\000c\000i\000\363\000n\000\040\000d\000e\000\040\000j\000u\000g\000a\000d\000o\000r\000e\000s\000\040\000y\000\040\000b\000a\000l\000\363\000n\000\040\000e\000n\000\040\000f\000\372\000t\000b\000o\000l}{chapter.53}% 44
\BOOKMARK [1][-]{section.55}{\376\377\000T\000r\000a\000c\000k\000i\000n\000g\000\040\000m\000u\000l\000t\000i\000o\000b\000j\000e\000t\000o\000\040\000e\000n\000\040\000v\000\355\000d\000e\000o\000\040\000d\000e\000p\000o\000r\000t\000i\000v\000o}{chapter.53}% 45
\BOOKMARK [1][-]{section.57}{\376\377\000D\000e\000t\000e\000c\000c\000i\000\363\000n\000\040\000d\000e\000\040\000e\000v\000e\000n\000t\000o\000s\000\040\000e\000n\000\040\000f\000\372\000t\000b\000o\000l}{chapter.53}% 46
\BOOKMARK [0][-]{chapter.58}{\376\377\000P\000r\000o\000c\000e\000s\000a\000m\000i\000e\000n\000t\000o\000\040\000V\000i\000s\000u\000a\000l}{}% 47
\BOOKMARK [1][-]{section.60}{\376\377\000D\000e\000t\000e\000c\000c\000i\000\363\000n\000\040\000d\000e\000\040\000e\000l\000e\000m\000e\000n\000t\000o\000s\000\040\000d\000e\000l\000\040\000j\000u\000e\000g\000o}{chapter.58}% 48
\BOOKMARK [2][-]{subsection.63}{\376\377\000A\000d\000a\000p\000t\000a\000c\000i\000\363\000n\000\040\000d\000e\000l\000\040\000d\000e\000t\000e\000c\000t\000o\000r\000\040\000m\000e\000d\000i\000a\000n\000t\000e\000\040\000f\000i\000n\000e\000-\000t\000u\000n\000i\000n\000g}{section.60}% 49
\BOOKMARK [2][-]{subsection.72}{\376\377\000E\000v\000a\000l\000u\000a\000c\000i\000\363\000n\000\040\000s\000o\000b\000r\000e\000\040\000l\000a\000\040\000v\000a\000l\000i\000d\000a\000c\000i\000\363\000n\000\040\000d\000e\000\040\000D\000F\000L\000-\000B\000u\000n\000d\000e\000s\000l\000i\000g\000a}{section.60}% 50
\BOOKMARK [2][-]{subsection.75}{\376\377\000R\000e\000s\000u\000l\000t\000a\000d\000o\000s\000\040\000c\000u\000a\000n\000t\000i\000t\000a\000t\000i\000v\000o\000s}{section.60}% 51
\BOOKMARK [2][-]{subsection.79}{\376\377\000I\000n\000t\000e\000r\000p\000r\000e\000t\000a\000c\000i\000\363\000n\000\040\000d\000e\000\040\000l\000o\000s\000\040\000R\000e\000s\000u\000l\000t\000a\000d\000o\000s}{section.60}% 52
\BOOKMARK [1][-]{section.81}{\376\377\000C\000a\000l\000i\000b\000r\000a\000c\000i\000\363\000n\000\040\000d\000e\000l\000\040\000c\000a\000m\000p\000o\000\040\000y\000\040\000p\000r\000o\000y\000e\000c\000c\000i\000\363\000n\000\040\000a\000\040\000c\000o\000o\000r\000d\000e\000n\000a\000d\000a\000s\000\040\000m\000\351\000t\000r\000i\000c\000a\000s}{chapter.58}% 53
\BOOKMARK [2][-]{subsection.82}{\376\377\000M\000o\000d\000e\000l\000o\000\040\000u\000t\000i\000l\000i\000z\000a\000d\000o\000\040\000y\000\040\000s\000a\000l\000i\000d\000a\000\040\000g\000e\000o\000m\000\351\000t\000r\000i\000c\000a}{section.81}% 54
\BOOKMARK [2][-]{subsection.85}{\376\377\000P\000r\000o\000b\000l\000e\000m\000a\000\040\000d\000e\000\040\000e\000s\000t\000a\000b\000i\000l\000i\000d\000a\000d\000:\000\040\000j\000i\000t\000t\000e\000r\000\040\000y\000\040\000s\000e\000n\000s\000i\000b\000i\000l\000i\000d\000a\000d\000\040\000a\000\040\000u\000m\000b\000r\000a\000l\000e\000s}{section.81}% 55
\BOOKMARK [2][-]{subsection.86}{\376\377\000S\000e\000l\000e\000c\000c\000i\000\363\000n\000\040\000r\000o\000b\000u\000s\000t\000a\000\040\000d\000e\000\040\000h\000o\000m\000o\000g\000r\000a\000f\000\355\000a\000:\000\040\000u\000m\000b\000r\000a\000l\000e\000s\000\040\000a\000d\000a\000p\000t\000a\000t\000i\000v\000o\000s\000\040\000y\000\040\000v\000a\000l\000i\000d\000a\000c\000i\000\363\000n}{section.81}% 56
\BOOKMARK [2][-]{subsection.89}{\376\377\000S\000u\000a\000v\000i\000z\000a\000d\000o\000\040\000t\000e\000m\000p\000o\000r\000a\000l}{section.81}% 57
\BOOKMARK [2][-]{subsection.90}{\376\377\000F\000a\000l\000l\000o\000\040\000c\000o\000n\000t\000r\000o\000l\000a\000d\000o\000:\000\040\000f\000a\000l\000l\000b\000a\000c\000k\000\040\000c\000u\000a\000n\000d\000o\000\040\000n\000o\000\040\000h\000a\000y\000\040\000h\000o\000m\000o\000g\000r\000a\000f\000\355\000a}{section.81}% 58
\BOOKMARK [1][-]{section.92}{\376\377\000C\000l\000a\000s\000i\000f\000i\000c\000a\000c\000i\000\363\000n\000\040\000d\000e\000\040\000e\000q\000u\000i\000p\000o\000s}{chapter.58}% 59
\BOOKMARK [2][-]{subsection.93}{\376\377\000I\000d\000e\000n\000t\000i\000f\000i\000c\000a\000c\000i\000\363\000n\000\040\000d\000e\000l\000\040\000c\000o\000l\000o\000r\000\040\000d\000e\000\040\000l\000a\000\040\000c\000a\000m\000i\000s\000e\000t\000a}{section.92}% 60
\BOOKMARK [2][-]{subsection.96}{\376\377\000A\000s\000o\000c\000i\000a\000c\000i\000\363\000n\000\040\000d\000e\000l\000\040\000e\000q\000u\000i\000p\000o}{section.92}% 61
\BOOKMARK [1][-]{section.103}{\376\377\000C\000a\000p\000a\000\040\000d\000e\000\040\000a\000s\000o\000c\000i\000a\000c\000i\000\363\000n\000\040\000t\000e\000m\000p\000o\000r\000a\000l\000\040\000b\000a\000s\000a\000d\000a\000\040\000e\000n\000\040\000B\000y\000t\000e\000T\000r\000a\000c\000k}{chapter.58}% 62
\BOOKMARK [2][-]{subsection.104}{\376\377\000B\000a\000s\000e\000\040\000d\000e\000\040\000l\000a\000\040\000f\000a\000s\000e}{section.103}% 63
\BOOKMARK [2][-]{subsection.105}{\376\377\000A\000s\000o\000c\000i\000a\000c\000i\000\363\000n\000\040\000m\000u\000l\000t\000i\000e\000t\000a\000p\000a\000\040\000e\000n\000\040\000c\000a\000d\000a\000\040\000f\000r\000a\000m\000e}{section.103}% 64
\BOOKMARK [2][-]{subsection.106}{\376\377\000R\000e\000s\000t\000r\000i\000c\000c\000i\000o\000n\000e\000s\000\040\000p\000o\000r\000\040\000c\000l\000a\000s\000e\000\040\000y\000\040\000e\000q\000u\000i\000p\000o}{section.103}% 65
\BOOKMARK [2][-]{subsection.107}{\376\377\000U\000s\000o\000\040\000d\000e\000\040\000h\000o\000m\000o\000g\000r\000a\000f\000\355\000a\000\040\000y\000\040\000r\000e\000s\000t\000r\000i\000c\000c\000i\000\363\000n\000\040\000e\000s\000p\000a\000c\000i\000a\000l\000\040\000e\000n\000\040\000m\000e\000t\000r\000o\000s}{section.103}% 66
\BOOKMARK [2][-]{subsection.108}{\376\377\000C\000o\000n\000t\000r\000o\000l\000\040\000d\000e\000\040\000c\000r\000e\000a\000c\000i\000\363\000n\000\040\000d\000e\000\040\000n\000u\000e\000v\000o\000s\000\040\000t\000r\000a\000c\000k\000s}{section.103}% 67
\BOOKMARK [2][-]{subsection.110}{\376\377\000R\000e\000s\000u\000m\000e\000n\000\040\000d\000e\000\040\000l\000a\000\040\000c\000a\000p\000a}{section.103}% 68
\BOOKMARK [1][-]{section.111}{\376\377\000C\000a\000p\000a\000\040\000d\000e\000\040\000t\000r\000a\000c\000k\000i\000n\000g\000\040\000c\000a\000n\000\363\000n\000i\000c\000o}{chapter.58}% 69
\BOOKMARK [2][-]{subsection.112}{\376\377\000E\000n\000t\000r\000a\000d\000a\000\040\000d\000e\000\040\000l\000a\000\040\000c\000a\000p\000a\000\040\000y\000\040\000o\000b\000j\000e\000t\000i\000v\000o\000\040\000d\000e\000\040\000c\000a\000n\000o\000n\000i\000z\000a\000c\000i\000\363\000n}{section.111}% 70
\BOOKMARK [2][-]{subsection.113}{\376\377\000P\000r\000o\000c\000e\000s\000o\000\040\000d\000e\000\040\000a\000s\000i\000g\000n\000a\000c\000i\000\363\000n\000\040\000c\000a\000n\000\363\000n\000i\000c\000a\000\040\000p\000o\000r\000\040\000f\000r\000a\000m\000e}{section.111}% 71
\BOOKMARK [2][-]{subsection.114}{\376\377\000I\000D\000s\000\040\000c\000a\000n\000\363\000n\000i\000c\000o\000s\000\040\000y\000\040\000l\000\355\000m\000i\000t\000e\000s\000\040\000p\000o\000r\000\040\000c\000l\000a\000s\000e}{section.111}% 72
\BOOKMARK [2][-]{subsection.116}{\376\377\000C\000o\000n\000t\000i\000n\000u\000i\000d\000a\000d\000\040\000c\000a\000n\000o\000n\000i\000c\000a\000\040\000y\000\040\000r\000e\000a\000s\000i\000g\000n\000a\000c\000i\000o\000n}{section.111}% 73
\BOOKMARK [2][-]{subsection.117}{\376\377\000R\000e\000a\000s\000i\000g\000n\000a\000c\000i\000\363\000n\000\040\000c\000u\000a\000n\000d\000o\000\040\000n\000o\000\040\000h\000a\000y\000\040\000h\000o\000m\000o\000g\000r\000a\000f\000\355\000a\000\040\000f\000i\000a\000b\000l\000e}{section.111}% 74
\BOOKMARK [2][-]{subsection.119}{\376\377\000T\000r\000a\000t\000a\000m\000i\000e\000n\000t\000o\000\040\000e\000s\000p\000e\000c\000\355\000f\000i\000c\000o\000\040\000d\000e\000\040\000p\000o\000r\000t\000e\000r\000o\000s}{section.111}% 75
\BOOKMARK [2][-]{subsection.121}{\376\377\000T\000r\000a\000t\000a\000m\000i\000e\000n\000t\000o\000\040\000e\000s\000p\000e\000c\000\355\000f\000i\000c\000o\000\040\000d\000e\000\040\000\341\000r\000b\000i\000t\000r\000o\000s}{section.111}% 76
\BOOKMARK [2][-]{subsection.122}{\376\377\000R\000e\000a\000b\000s\000o\000r\000c\000i\000\363\000n\000\040\000d\000e\000\040\000i\000d\000e\000n\000t\000i\000d\000a\000d\000e\000s\000\040\000p\000e\000r\000d\000i\000d\000a\000s}{section.111}% 77
\BOOKMARK [2][-]{subsection.123}{\376\377\000S\000e\000g\000u\000i\000m\000i\000e\000n\000t\000o\000\040\000d\000e\000l\000\040\000b\000a\000l\000\363\000n}{section.111}% 78
\BOOKMARK [2][-]{subsection.126}{\376\377\000S\000a\000l\000i\000d\000a\000\040\000d\000e\000l\000\040\000t\000r\000a\000c\000k\000i\000n\000g}{section.111}% 79
\BOOKMARK [1][-]{section.127}{\376\377\000E\000v\000a\000l\000u\000a\000c\000i\000\363\000n\000\040\000h\000e\000u\000r\000\355\000s\000t\000i\000c\000a\000\040\000y\000\040\000d\000e\000p\000u\000r\000a\000c\000i\000\363\000n\000\040\000d\000e\000l\000\040\000p\000i\000p\000e\000l\000i\000n\000e\000\040\000v\000i\000s\000u\000a\000l}{chapter.58}% 80
\BOOKMARK [2][-]{subsection.128}{\376\377\000P\000r\000o\000t\000o\000c\000o\000l\000o\000\040\000d\000e\000\040\000e\000v\000a\000l\000u\000a\000c\000i\000\363\000n}{section.127}% 81
\BOOKMARK [2][-]{subsection.130}{\376\377\000C\000o\000m\000p\000a\000r\000a\000c\000i\000\363\000n\000\040\000d\000e\000\040\000d\000e\000t\000e\000c\000t\000o\000r\000e\000s\000\040\000d\000e\000n\000t\000r\000o\000\040\000d\000e\000l\000\040\000p\000i\000p\000e\000l\000i\000n\000e}{section.127}% 82
\BOOKMARK [2][-]{subsection.132}{\376\377\000U\000s\000o\000\040\000d\000e\000\040\000l\000a\000s\000\040\000m\000\351\000t\000r\000i\000c\000a\000s\000\040\000d\000u\000r\000a\000n\000t\000e\000\040\000l\000a\000\040\000d\000e\000p\000u\000r\000a\000c\000i\000\363\000n}{section.127}% 83
\BOOKMARK [2][-]{subsection.133}{\376\377\000R\000e\000s\000u\000l\000t\000a\000d\000o\000\040\000v\000i\000s\000u\000a\000l\000\040\000d\000e\000l\000\040\000p\000i\000p\000e\000l\000i\000n\000e}{section.127}% 84
\BOOKMARK [0][-]{chapter.135}{\376\377\000A\000n\000\341\000l\000i\000s\000i\000s\000\040\000T\000\341\000c\000t\000i\000c\000o}{}% 85
\BOOKMARK [1][-]{section.136}{\376\377\000I\000n\000f\000e\000r\000e\000n\000c\000i\000a\000\040\000h\000e\000u\000r\000\355\000s\000t\000i\000c\000a\000\040\000d\000e\000\040\000l\000a\000\040\000p\000o\000s\000e\000s\000i\000\363\000n}{chapter.135}% 86
\BOOKMARK [1][-]{section.137}{\376\377\000I\000n\000f\000e\000r\000e\000n\000c\000i\000a\000\040\000d\000e\000\040\000p\000o\000s\000i\000c\000i\000o\000n\000e\000s\000\040\000f\000u\000t\000b\000o\000l\000\355\000s\000t\000i\000c\000a\000s}{chapter.135}% 87
\BOOKMARK [2][-]{subsection.138}{\376\377\000M\000o\000t\000i\000v\000a\000c\000i\000\363\000n}{section.137}% 88
\BOOKMARK [2][-]{subsection.139}{\376\377\000D\000e\000f\000i\000n\000i\000c\000i\000\363\000n\000\040\000d\000e\000\040\000l\000a\000\040\000t\000a\000r\000e\000a}{section.137}% 89
\BOOKMARK [2][-]{subsection.141}{\376\377\000C\000o\000n\000s\000t\000r\000u\000c\000c\000i\000\363\000n\000\040\000d\000e\000l\000\040\000c\000o\000n\000j\000u\000n\000t\000o\000\040\000d\000e\000\040\000d\000a\000t\000o\000s}{section.137}% 90
\BOOKMARK [2][-]{subsection.143}{\376\377\000P\000r\000o\000c\000e\000s\000o\000\040\000d\000e\000\040\000e\000t\000i\000q\000u\000e\000t\000a\000d\000o}{section.137}% 91
\BOOKMARK [2][-]{subsection.146}{\376\377\000N\000o\000r\000m\000a\000l\000i\000z\000a\000c\000i\000\363\000n\000\040\000t\000\341\000c\000t\000i\000c\000a\000\040\000d\000e\000l\000\040\000c\000a\000m\000p\000o}{section.137}% 92
\BOOKMARK [2][-]{subsection.147}{\376\377\000V\000a\000r\000i\000a\000b\000l\000e\000s\000\040\000u\000t\000i\000l\000i\000z\000a\000d\000a\000s}{section.137}% 93
\BOOKMARK [2][-]{subsection.148}{\376\377\000D\000i\000s\000t\000r\000i\000b\000u\000c\000i\000\363\000n\000\040\000d\000e\000\040\000c\000l\000a\000s\000e\000s}{section.137}% 94
\BOOKMARK [2][-]{subsection.150}{\376\377\000A\000r\000q\000u\000i\000t\000e\000c\000t\000u\000r\000a\000\040\000d\000e\000l\000\040\000m\000o\000d\000e\000l\000o}{section.137}% 95
\BOOKMARK [2][-]{subsection.160}{\376\377\000E\000n\000t\000r\000e\000n\000a\000m\000i\000e\000n\000t\000o}{section.137}% 96
\BOOKMARK [2][-]{subsection.161}{\376\377\000G\000r\000i\000d\000\040\000s\000e\000a\000r\000c\000h\000\040\000d\000e\000\040\000h\000i\000p\000e\000r\000p\000a\000r\000\341\000m\000e\000t\000r\000o\000s}{section.137}% 97
\BOOKMARK [2][-]{subsection.175}{\376\377\000H\000i\000p\000e\000r\000p\000a\000r\000\341\000m\000e\000t\000r\000o\000s\000\040\000d\000e\000l\000\040\000m\000o\000d\000e\000l\000o\000\040\000f\000i\000n\000a\000l}{section.137}% 98
\BOOKMARK [2][-]{subsection.177}{\376\377\000R\000e\000s\000u\000l\000t\000a\000d\000o\000s\000\040\000p\000o\000r\000\040\000c\000l\000a\000s\000e}{section.137}% 99
\BOOKMARK [2][-]{subsection.179}{\376\377\000R\000e\000e\000n\000t\000r\000e\000n\000a\000m\000i\000e\000n\000t\000o\000\040\000c\000o\000n\000\040\000t\000r\000a\000i\000n\000+\000v\000a\000l}{section.137}% 100
\BOOKMARK [2][-]{subsection.181}{\376\377\000A\000s\000i\000g\000n\000a\000c\000i\000\363\000n\000\040\000t\000\341\000c\000t\000i\000c\000a\000\040\000f\000i\000n\000a\000l\000\040\000d\000e\000\040\000p\000o\000s\000i\000c\000i\000o\000n\000e\000s}{section.137}% 101
\BOOKMARK [1][-]{section.187}{\376\377\000C\000l\000a\000s\000i\000f\000i\000c\000a\000c\000i\000\363\000n\000\040\000d\000e\000\040\000a\000c\000c\000i\000o\000n\000e\000s}{chapter.135}% 102
\BOOKMARK [2][-]{subsection.188}{\376\377\000A\000d\000a\000p\000t\000a\000c\000i\000\363\000n\000\040\000d\000e\000\040\000t\000r\000a\000c\000k\000s\000\040\000a\000l\000\040\000f\000o\000r\000m\000a\000t\000o\000\040\000P\000a\000t\000h\000C\000R\000F}{section.187}% 103
\BOOKMARK [2][-]{subsection.192}{\376\377\000M\000o\000d\000e\000l\000o\000\040\000P\000a\000t\000h\000C\000R\000F}{section.187}% 104
\BOOKMARK [2][-]{subsection.194}{\376\377\000I\000n\000f\000e\000r\000e\000n\000c\000i\000a\000\040\000s\000o\000b\000r\000e\000\040\000v\000e\000n\000t\000a\000n\000a\000\040\000d\000e\000s\000l\000i\000z\000a\000n\000t\000e}{section.187}% 105
\BOOKMARK [2][-]{subsection.197}{\376\377\000P\000o\000s\000t\000p\000r\000o\000c\000e\000s\000a\000d\000o\000\040\000d\000e\000\040\000a\000r\000i\000s\000t\000a\000s\000\040\000a\000\040\000e\000v\000e\000n\000t\000o\000s\000\040\000d\000i\000s\000c\000r\000e\000t\000o\000s}{section.187}% 106
\BOOKMARK [2][-]{subsection.201}{\376\377\000R\000e\000s\000u\000l\000t\000a\000d\000o\000\040\000d\000e\000\040\000l\000a\000\040\000c\000l\000a\000s\000i\000f\000i\000c\000a\000c\000i\000\363\000n\000\040\000d\000e\000\040\000a\000c\000c\000i\000o\000n\000e\000s}{section.187}% 107
